// Jest Snapshot v1, https://goo.gl/fbAQLP

exports[`Edit should render the component 1`] = `
Array [
  <div
    className="embed-tableau"
  >
    <div
      className="privacy-protection-wrapper"
      style={
        Object {
          "height": "auto",
          "minHeight": "200px",
          "overflow": "hidden",
          "position": "relative",
        }
      }
    >
      <div
        className="tableau-wrapper"
      >
        <div
          className="tableau tableau-2.8.0"
          style={
            Object {
              "height": "700px",
            }
          }
        />
      </div>
    </div>
  </div>,
  <div
    id="sidebar"
  >
    <div
      className="ui form"
    >
      <header
        className="header pulled"
      >
        <h2>
          Embed Dashboard (Tableau)
        </h2>
      </header>
      <div
        id="blockform-fieldset-default"
      >
        <div
          className="ui segment form attached"
        >
          <div
            className="mocked-url-widget"
            id="mocked-field-tableau_vis_url"
          >
            Tableau visualization
             - 
            No description
          </div>
          <div
            className="mocked-default-widget"
            id="mocked-field-tableau_height"
          >
            <a
              href="https://developer.mozilla.org/en-US/docs/Web/CSS/height"
              rel="noreferrer"
              target="_blank"
            >
              CSS height
            </a>
             - 
            Tableau height
          </div>
        </div>
      </div>
      <div
        className="accordion ui fluid styled form"
      >
        <div
          id="blockform-fieldset-toolbar"
        >
          <div
            className="active title"
            onClick={[Function]}
          >
            Toolbar
            <svg
              className="icon"
              dangerouslySetInnerHTML={
                Object {
                  "__html": undefined,
                }
              }
              onClick={null}
              style={
                Object {
                  "fill": "currentColor",
                  "height": "20px",
                  "width": "auto",
                }
              }
              viewBox=""
              xmlns=""
            />
          </div>
          <div
            className="content active"
          >
            <div
              aria-hidden={false}
              className="rah-static rah-static--height-auto"
              style={
                Object {
                  "height": "auto",
                  "overflow": "visible",
                }
              }
            >
              <div
                style={
                  Object {
                    "WebkitTransition": "opacity 500ms ease 0ms",
                    "transition": "opacity 500ms ease 0ms",
                  }
                }
              >
                <div
                  className="ui segment attached"
                >
                  <div
                    className="mocked-boolean-widget"
                    id="mocked-field-with_notes"
                  >
                    Show note
                     - 
                    No description
                  </div>
                  <div
                    className="mocked-boolean-widget"
                    id="mocked-field-with_sources"
                  >
                    Show sources
                     - 
                    Will show sources set in this page Data provenance
                  </div>
                  <div
                    className="mocked-boolean-widget"
                    id="mocked-field-with_more_info"
                  >
                    Show more info
                     - 
                    No description
                  </div>
                  <div
                    className="mocked-boolean-widget"
                    id="mocked-field-with_download"
                  >
                    Show download button
                     - 
                    No description
                  </div>
                  <div
                    className="mocked-boolean-widget"
                    id="mocked-field-with_share"
                  >
                    Show share button
                     - 
                    No description
                  </div>
                  <div
                    className="mocked-boolean-widget"
                    id="mocked-field-with_enlarge"
                  >
                    Show enlarge button
                     - 
                    No description
                  </div>
                </div>
              </div>
            </div>
          </div>
        </div>
      </div>
      <div
        className="accordion ui fluid styled form"
      >
        <div
          id="blockform-fieldset-privacy"
        >
          <div
            className="title"
            onClick={[Function]}
          >
            Privacy
            <svg
              className="icon"
              dangerouslySetInnerHTML={
                Object {
                  "__html": undefined,
                }
              }
              onClick={null}
              style={
                Object {
                  "fill": "currentColor",
                  "height": "20px",
                  "width": "auto",
                }
              }
              viewBox=""
              xmlns=""
            />
          </div>
          <div
            className="content"
          >
            <div
              aria-hidden={true}
              className="rah-static rah-static--height-zero"
              style={
                Object {
                  "height": 0,
                  "overflow": "hidden",
                }
              }
            >
              <div
                style={
                  Object {
                    "WebkitTransition": "opacity 500ms ease 0ms",
                    "opacity": 0,
                    "transition": "opacity 500ms ease 0ms",
                  }
                }
              >
                <div
                  className="ui segment attached"
                >
                  <div
                    className="mocked-default-widget"
                    id="mocked-field-dataprotection"
                  >
                    No title
                     - 
                    No description
                  </div>
                </div>
              </div>
            </div>
          </div>
        </div>
      </div>
    </div>
  </div>,
]
`;
